// Jest Snapshot v1, https://goo.gl/fbAQLP

exports[`renders action false 1`] = `null`;

exports[`renders default 1`] = `
<Password
  classes={
    Object {
      "root": undefined,
    }
  }
  fieldName="password"
  isToggleButtonHidden={false}
  label="Current Password"
  validate={[Function]}
/>
`;

exports[`renders isShowPassword false 1`] = `null`;

exports[`renders needPassword false 1`] = `null`;
