// Jest Snapshot v1, https://goo.gl/fbAQLP

exports[`renders default policyButton 1`] = `
Array [
  <div>
    <h3>
      title
    </h3>
    <LinkButton
      type="button"
    >
      <div
        componentName="Formatted Message Component"
        defaultMessage="Read Privacy Policy"
        id="privacy.submitButton0"
      />
    </LinkButton>
  </div>,
  <PrivacyModal
    isOpen={true}
  />,
]
`;
